
> webapp@0.0.0 test
> vitest run --reporter=default


[1m[46m RUN [49m[22m [36mv4.1.0 [39m[90mD:/DevOps/WebApp[39m

 [31mÔØ»[39m src/App.test.jsx [2m([22m[2m4 tests[22m[2m | [22m[31m1 failed[39m[2m)[22m[33m 305[2mms[22m[39m
     [32mÔ£ô[39m should add a new goal when the add button is clicked[32m 88[2mms[22m[39m
[31m     [31m├ù[31m should move a goal from Active to Accomplished when "Complete" is clicked[39m[32m 30[2mms[22m[39m
     [32mÔ£ô[39m should remove a goal from the list when the delete button is clicked[32m 22[2mms[22m[39m
     [32mÔ£ô[39m should toggle between Light and Dark themes[32m 161[2mms[22m[39m
node.exe : 
At line:1 char:1
+ & "C:\Program 
Files\nodejs/node.exe" 
"C:\Program 
Files\nodejs/node_mo ...
+ ~~~~~~~~~~~~~~~~~~~~~~~~~~~
~~~~~~~~~~~~~~~~~~~~~~~~~~~~~
~~~~~~~~~~~~~
    + CategoryInfo           
   : NotSpecified: (:String  
  ) [], RemoteException
    + FullyQualifiedErrorId  
   : NativeCommandError
 
[31mÔÄ»ÔÄ»ÔÄ»ÔÄ»ÔÄ»ÔÄ»ÔÄ»[3
9m[1m[41m Failed Tests 1 [
49m[22m[31mÔÄ»ÔÄ»ÔÄ»ÔÄ»ÔÄ»Ô
Ä»ÔÄ»[39m

[41m[1m FAIL [22m[49m 
src/App.test.jsx[2m > 
[22mGoal Manager - Feature 
Testing[2m > [22mshould 
move a goal from Active to 
Accomplished when "Complete" 
is clicked
[31m[1mError[22m: [2mexpe
ct([22m[31melement[31m[2m
).toHaveClass([22m[32m[32m
"done"[32m[31m[2m)[22m

Expected the element to have 
class:
[32m  done[31m
Received:
[31m  goal-item[31m[39m
[36m [2mÔØ»[22m src/App.te
st.jsx:[2m37:22[22m[39m
    [90m 35|[39m
    [90m 36|[39m     
[90m// Check if it's marked 
as done (should have the 
"done" class)[39m
    [90m 37|[39m     [34me
xpect[39m(goalItem)[33m.[3
9m[34mtoHaveClass[39m([32m
'done'[39m)[33m;[39m
    [90m   |[39m           
           [31m^[39m
    [90m 38|[39m
    [90m 39|[39m     
[90m// The button should 
now say "Restore"[39m

[31m[2mÔÄ»ÔÄ»ÔÄ»ÔÄ»ÔÄ»ÔÄ»ÔÄ
»ÔÄ»ÔÄ»ÔÄ»ÔÄ»ÔÄ»ÔÄ»ÔÄ»ÔÄ»ÔÄ»Ô
Ä»ÔÄ»ÔÄ»ÔÄ»ÔÄ»ÔÄ»ÔÄ»ÔÄ»[1/1]Ô
Ä»[22m[39m


[2m Test Files [22m [1m[31m1 failed[39m[22m[90m (1)[39m
[2m      Tests [22m [1m[31m1 failed[39m[22m[2m | [22m[1m[32m3 passed[39m[22m[90m (4)[39m
[2m   Start at [22m 16:21:42
[2m   Duration [22m 2.47s[2m (transform 133ms, setup 157ms, import 272ms, tests 305ms, environment 1.40s)[22m

